// Jest Snapshot v1, https://goo.gl/fbAQLP

exports[`Components INav should render correctly 1`] = `
<nav class="nav -light -md" role="menubar">
  <div class="nav-item" role="menuitem" tag="div" tabindex="0" disabled="false" aria-disabled="false" aria-pressed="false">Item 1</div>
  <div class="nav-item" role="menuitem" tag="div" tabindex="0" disabled="false" aria-disabled="false" aria-pressed="false">Item 2</div>
  <div class="nav-item" role="menuitem" tag="div" tabindex="0" disabled="false" aria-disabled="false" aria-pressed="false">Item 3</div>
</nav>
`;
