// Jest Snapshot v1, https://goo.gl/fbAQLP

exports[`Components IPopover should render correctly 1`] = `
<div class="popover-wrapper -primary -md" id="popover">
  <div class="popover-trigger" aria-describedby="popover-popup" aria-disabled="false" aria-expanded="false"><button> Button </button></div>
  <transition-stub>
    <div class="popover" role="tooltip" aria-live="polite" id="popover-popup" aria-hidden="true" style="display: none;"><span data-popper-arrow=""></span>
      <div class="popover-header">
        <div> Placeholder </div>
      </div>
      <div class="popover-body">
        <div> Placeholder </div>
      </div>
      <div class="popover-footer">
        <div> Placeholder </div>
      </div>
    </div>
  </transition-stub>
</div>
`;
