// Vitest Snapshot v1, https://vitest.dev/guide/snapshot.html

exports[`Components > IPopover > should render correctly 1`] = `
"<div id="popover" class="popover-wrapper">
  <div class="popover-trigger" aria-describedby="popover-popup" aria-disabled="false" aria-expanded="false">
    <!-- @slot default Slot for popover trigger --><button>Button</button>
  </div>
  <transition-stub name="zoom-in-top-transition" appear="false" persisted="true" css="true">
    <div id="popover-popup" class="popover -primary -md" role="tooltip" aria-live="polite" aria-hidden="true" style="display: none;"><span class="arrow"></span>
      <div class="popover-header">
        <!-- @slot header Slot for popover header content -->
        <div>Placeholder</div>
      </div>
      <div class="popover-body">
        <!-- @slot body Slot for popover body content -->
        <div>Placeholder</div>
      </div>
      <div class="popover-footer">
        <!-- @slot footer Slot for popover footer content -->
        <div>Placeholder</div>
      </div>
    </div>
  </transition-stub>
</div>"
`;
