// Jest Snapshot v1, https://goo.gl/fbAQLP

exports[`Components IDropdown should render correctly 1`] = `
<div class="dropdown-wrapper" aria-haspopup="true">
  <div class="dropdown-trigger"><button class="button -light -md" is="button" tag="button" tabindex="1" aria-pressed="false" aria-busy="false" aria-live="polite">
      <!--v-if-->
    </button></div>
  <transition-stub>
    <div class="dropdown -light -md" role="menu" aria-hidden="true" style="display: none;"><span data-popper-arrow=""></span>
      <!--v-if-->
      <div class="dropdown-body">
        <div class="dropdown-item" role="menuitem" tag="div" tabindex="0" disabled="false" aria-disabled="false" aria-pressed="false"></div>
        <div class="dropdown-item" role="menuitem" tag="div" tabindex="0" disabled="false" aria-disabled="false" aria-pressed="false"></div>
        <div class="dropdown-divider" role="separator"></div>
        <div class="dropdown-item" role="menuitem" tag="div" tabindex="0" disabled="false" aria-disabled="false" aria-pressed="false"></div>
      </div>
      <!--v-if-->
    </div>
  </transition-stub>
</div>
`;
