// Vitest Snapshot v1, https://vitest.dev/guide/snapshot.html

exports[`CheckboxControl > output matches snapshots 1`] = `
{
  "angular/ICheckboxControlBase.component.ts": "import { Component, signal, computed, effect, input, viewChild, ElementRef, model } from "@angular/core";
export interface CheckboxControlBaseProps {
  /** Id of the native control. */
  id?: string;
  /** Name of the native control. */
  name?: string;
  /** Disables the control. */
  disabled?: boolean;
  /** Marks the control as required (must be checked to submit). */
  required?: boolean;
  /** Marks the control as read-only: it stays focusable but the value cannot be toggled. */
  readonly?: boolean;
  /** Renders the partially-checked ("mixed") state. */
  indeterminate?: boolean;
}
@Component({ standalone: true, selector: 'ink-checkbox-control-base', host: { style: 'display: contents' }, template: \`<input [class]="'checkbox-field' + (klass() ? ' ' + klass() : '')" type="checkbox" [attr.id]="(id()) ?? null" [attr.name]="(name()) ?? null" [checked]="checked() ?? false" [indeterminate]="indeterminate() ?? false" [disabled]="disabled()" [required]="required()" [attr.aria-readonly]="(readonly() ? 'true' : undefined) ?? null" (click)="readonly() && $event.preventDefault()" (change)="readonly() ? ($event.currentTarget.checked = checked() ?? false) : checked.set($event.currentTarget.checked)" #controlRef />\` })
export class ICheckboxControlBaseComponent
{
klass = input<string>()
constructor() { effect(() => { const el = this.controlRef()?.nativeElement; if (el) { el.indeterminate = this.indeterminate() ?? false; } }) }
controlRef = viewChild<ElementRef>('controlRef')
id = input<string>()
name = input<string>()
disabled = input<boolean>()
required = input<boolean>()
readonly = input<boolean>()
indeterminate = input<boolean>()
checked = model<boolean>()
}
@Component({ standalone: true, selector: 'input[ink-checkbox-control-base]', host: { '[class]': "'checkbox-field' + (klass() ? ' ' + klass() : '')", 'type': 'checkbox', '[attr.id]': "(id()) ?? null", '[attr.name]': "(name()) ?? null", '[checked]': "checked() ?? false", '[indeterminate]': "indeterminate() ?? false", '[disabled]': "disabled()", '[required]': "required()", '[attr.aria-readonly]': "(readonly() ? 'true' : undefined) ?? null", '(click)': "readonly() && $event.preventDefault()", '(change)': "readonly() ? ($event.currentTarget.checked = checked() ?? false) : checked.set($event.currentTarget.checked)" }, template: \`\` })
export class ICheckboxControlBaseHostComponent
{
klass = input<string>()
constructor() { effect(() => { const el = this.controlRef()?.nativeElement; if (el) { el.indeterminate = this.indeterminate() ?? false; } }) }
controlRef = viewChild<ElementRef>('controlRef')
id = input<string>()
name = input<string>()
disabled = input<boolean>()
required = input<boolean>()
readonly = input<boolean>()
indeterminate = input<boolean>()
checked = model<boolean>()
}
",
  "astro/ICheckboxControlBase.astro": "---
export interface CheckboxControlBaseProps {
  /** Id of the native control. */
  id?: string;
  /** Name of the native control. */
  name?: string;
  /** Disables the control. */
  disabled?: boolean;
  /** Marks the control as required (must be checked to submit). */
  required?: boolean;
  /** Marks the control as read-only: it stays focusable but the value cannot be toggled. */
  readonly?: boolean;
  /** Renders the partially-checked ("mixed") state. */
  indeterminate?: boolean;
}
type Props = CheckboxControlBaseProps & Record<string, any>
const props = Astro.props as Props;
const { id, name, disabled, required, readonly, indeterminate, ...__attrs } = props;
let checked = props.checked
---
<input {...__attrs} class={["checkbox-field", __attrs.class].filter(Boolean).join(" ")} type="checkbox" id={id} name={name} checked={checked ?? false} indeterminate={indeterminate ?? false} disabled={disabled} required={required} aria-readonly={readonly ? "true" : undefined} onClick={(e: { preventDefault: () => void }) => readonly && e.preventDefault()} onChange={(e: { currentTarget: HTMLInputElement }) => readonly ? (e.currentTarget.checked = checked ?? false) : checked = e.currentTarget.checked} />
",
  "qwik/ICheckboxControlBase.tsx": "import { component$, useSignal, useComputed$, useVisibleTask$, $, QRL } from "@qwik.dev/core";
export interface CheckboxControlBaseProps {
  /** Id of the native control. */
  id?: string;
  /** Name of the native control. */
  name?: string;
  /** Disables the control. */
  disabled?: boolean;
  /** Marks the control as required (must be checked to submit). */
  required?: boolean;
  /** Marks the control as read-only: it stays focusable but the value cannot be toggled. */
  readonly?: boolean;
  /** Renders the partially-checked ("mixed") state. */
  indeterminate?: boolean;
}
export const ICheckboxControlBase = component$((props: CheckboxControlBaseProps & { checked?: boolean; onUpdateChecked$?: QRL<(value: boolean) => void> } & Record<string, any>) =>
{
const controlRef = useSignal(null)
useVisibleTask$(() => { const el = controlRef.value; if (el) { el.indeterminate = props.indeterminate ?? false; } })
const { id, name, disabled, required, readonly, indeterminate, checked, onUpdateChecked$, ...__attrs } = props
return (
<input {...__attrs} class={["checkbox-field", props.class].filter(Boolean).join(" ")} type="checkbox" id={props.id} name={props.name} checked={props.checked ?? false} indeterminate={props.indeterminate ?? false} disabled={props.disabled} required={props.required} aria-readonly={props.readonly ? "true" : undefined} onClick={$((e: { preventDefault: () => void }) => props.readonly && e.preventDefault())} onChange={$((e: { currentTarget: HTMLInputElement }) => props.readonly ? (e.currentTarget.checked = props.checked ?? false) : props.onUpdateChecked$?.(e.currentTarget.checked))} ref={controlRef} />
)
});
",
  "react/ICheckboxControlBase.tsx": "import { useRef, useEffect } from "react";
export interface CheckboxControlBaseProps {
  /** Id of the native control. */
  id?: string;
  /** Name of the native control. */
  name?: string;
  /** Disables the control. */
  disabled?: boolean;
  /** Marks the control as required (must be checked to submit). */
  required?: boolean;
  /** Marks the control as read-only: it stays focusable but the value cannot be toggled. */
  readonly?: boolean;
  /** Renders the partially-checked ("mixed") state. */
  indeterminate?: boolean;
}
export function ICheckboxControlBase(props: CheckboxControlBaseProps & { checked?: boolean; onUpdateChecked?: (value: boolean) => void } & React.HTMLAttributes<HTMLElement>)
{
const controlRef = useRef(null)
useEffect(() => { const el = controlRef.current; if (el) { el.indeterminate = props.indeterminate ?? false; } }, [controlRef.current, props.indeterminate])
const { id, name, disabled, required, readonly, indeterminate, checked, onUpdateChecked, ...__attrs } = props
return (
<input {...__attrs} className={["checkbox-field", props.className].filter(Boolean).join(" ")} type="checkbox" id={props.id} name={props.name} checked={props.checked ?? false} indeterminate={props.indeterminate ?? false} disabled={props.disabled} required={props.required} aria-readonly={props.readonly ? "true" : undefined} onClick={(e: { preventDefault: () => void }) => props.readonly && e.preventDefault()} onChange={(e: { currentTarget: HTMLInputElement }) => props.readonly ? (e.currentTarget.checked = props.checked ?? false) : props.onUpdateChecked?.(e.currentTarget.checked)} ref={controlRef} />
)
}
",
  "solid/ICheckboxControlBase.tsx": "import { createEffect, splitProps } from "solid-js";
import type { JSX } from "solid-js";
export interface CheckboxControlBaseProps {
  /** Id of the native control. */
  id?: string;
  /** Name of the native control. */
  name?: string;
  /** Disables the control. */
  disabled?: boolean;
  /** Marks the control as required (must be checked to submit). */
  required?: boolean;
  /** Marks the control as read-only: it stays focusable but the value cannot be toggled. */
  readonly?: boolean;
  /** Renders the partially-checked ("mixed") state. */
  indeterminate?: boolean;
}
export default function ICheckboxControlBase(props: CheckboxControlBaseProps & { checked?: boolean; onUpdateChecked?: (value: boolean) => void } & JSX.HTMLAttributes<HTMLElement>)
{
createEffect(() => { const el = controlRef; if (el) { el.indeterminate = props.indeterminate ?? false; } })
let controlRef: HTMLElement | undefined
const [, __attrs] = splitProps(props, ["id", "name", "disabled", "required", "readonly", "indeterminate", "checked", "onUpdateChecked"])
return (
<input {...__attrs} class={["checkbox-field", props.class].filter(Boolean).join(" ")} type="checkbox" id={props.id} name={props.name} checked={props.checked ?? false} indeterminate={props.indeterminate ?? false} disabled={props.disabled} required={props.required} aria-readonly={props.readonly ? "true" : undefined} onclick={(e: { preventDefault: () => void }) => props.readonly && e.preventDefault()} onchange={(e: { currentTarget: HTMLInputElement }) => props.readonly ? (e.currentTarget.checked = props.checked ?? false) : props.onUpdateChecked?.(e.currentTarget.checked)} ref={(el) => controlRef = el} />
)
}
",
  "svelte/ICheckboxControlBase.svelte": "<script lang="ts">
  export interface CheckboxControlBaseProps {
    /** Id of the native control. */
    id?: string;
    /** Name of the native control. */
    name?: string;
    /** Disables the control. */
    disabled?: boolean;
    /** Marks the control as required (must be checked to submit). */
    required?: boolean;
    /** Marks the control as read-only: it stays focusable but the value cannot be toggled. */
    readonly?: boolean;
    /** Renders the partially-checked ("mixed") state. */
    indeterminate?: boolean;
  }
  let { id, name, disabled, required, readonly, indeterminate, checked = $bindable(), ...__attrs }: CheckboxControlBaseProps & { checked?: boolean } & Record<string, any> = $props()
  $effect(() => { const el = controlRef; if (el) { el.indeterminate = indeterminate ?? false; } })
  let controlRef = $state<HTMLElement | null>(null)
</script>
<input bind:this={controlRef} {...__attrs} class={["checkbox-field", __attrs.class].filter(Boolean).join(" ")} type="checkbox" id={id} name={name} checked={checked ?? false} indeterminate={indeterminate ?? false} disabled={disabled} required={required} aria-readonly={readonly ? "true" : undefined} onclick={(e: { preventDefault: () => void }) => readonly && e.preventDefault()} onchange={(e: { currentTarget: HTMLInputElement }) => readonly ? (e.currentTarget.checked = checked ?? false) : checked = e.currentTarget.checked} />
",
  "vue/ICheckboxControlBase.vue": "<script setup lang="ts">
  import { ref, watchEffect } from "vue";
  export interface CheckboxControlBaseProps {
    /** Id of the native control. */
    id?: string;
    /** Name of the native control. */
    name?: string;
    /** Disables the control. */
    disabled?: boolean;
    /** Marks the control as required (must be checked to submit). */
    required?: boolean;
    /** Marks the control as read-only: it stays focusable but the value cannot be toggled. */
    readonly?: boolean;
    /** Renders the partially-checked ("mixed") state. */
    indeterminate?: boolean;
  }
  const props = defineProps<CheckboxControlBaseProps>()
  const checked = defineModel<boolean>("checked")
  const controlRef = ref(null)
  watchEffect(() => { const el = controlRef.value; if (el) { el.indeterminate = props.indeterminate ?? false; } })
</script>
<template>
<input class="checkbox-field" type="checkbox" :id="id" :name="name" :checked="checked ?? false" :indeterminate="indeterminate ?? false" :disabled="disabled" :required="required" :aria-readonly='readonly ? "true" : undefined' @click="(e: { preventDefault: () => void }) => readonly && e.preventDefault()" @change="(e: { currentTarget: HTMLInputElement }) => readonly ? (e.currentTarget.checked = checked ?? false) : checked = e.currentTarget.checked" ref="controlRef" />
</template>
",
}
`;
