// Jest Snapshot v1, https://goo.gl/fbAQLP

exports[`Components IListGroup should render correctly 1`] = `
<div class="list-group -light -md -border" role="list">
  <div class="list-group-item" tag="div" role="listitem" tabindex="0" disabled="false" aria-disabled="false">Item 1</div>
  <div class="list-group-item" tag="div" role="listitem" tabindex="0" disabled="false" aria-disabled="false">Item 2</div>
  <div class="list-group-item" tag="div" role="listitem" tabindex="0" disabled="false" aria-disabled="false">Item 3</div>
</div>
`;
