// Vitest Snapshot v1, https://vitest.dev/guide/snapshot.html

exports[`Badge > output matches snapshots 1`] = `
{
  "angular/IBadgeBase.component.ts": "import { Component, signal, computed, effect, Input } from "@angular/core";
export interface BadgeBaseProps {
  label?: string;
}
@Component({ standalone: true, selector: 'IBadgeBase', template: \`<div class="badge">
<ng-content />
</div>\` })
export class IBadgeBaseComponent
{
@Input() label?: string
}
",
  "astro/IBadgeBase.astro": "---
export interface BadgeBaseProps {
  label?: string;
}
type Props = BadgeBaseProps
const { label } = Astro.props as Props;
---
<div class="badge">
<slot />
</div>
",
  "qwik/IBadgeBase.tsx": "import { component$, useSignal, useComputed$, useVisibleTask$, $ } from "@qwik.dev/core";
export interface BadgeBaseProps {
  label?: string;
}
export const IBadgeBase = component$((props) =>
{
return (
<div class="badge">
  {props.children ?? props.label}
</div>
)
});
",
  "react/IBadgeBase.tsx": "export interface BadgeBaseProps {
  label?: string;
}
export function IBadgeBase(props: BadgeBaseProps & { children?: React.ReactNode } & React.HTMLAttributes<HTMLElement>)
{
const { children, label, ...__attrs } = props
return (
<div {...__attrs} className={["badge", props.className].filter(Boolean).join(" ")}>
  {props.children ?? props.label}
</div>
)
}
",
  "solid/IBadgeBase.tsx": "export interface BadgeBaseProps {
  label?: string;
}
export default function IBadgeBase(props: BadgeBaseProps & { default?: any })
{
return (
<div class="badge">
  {props.default ?? props.label}
</div>
)
}
",
  "svelte/IBadgeBase.svelte": "<script lang="ts">
  export interface BadgeBaseProps {
    label?: string;
  }
  let { label }: BadgeBaseProps = $props()
</script>
<div class="badge">
  <slot>
    {label}
  </slot>
</div>
",
  "vue/IBadgeBase.vue": "<script setup lang="ts">
  export interface BadgeBaseProps {
    label?: string;
  }
  const props = defineProps<BadgeBaseProps>()
</script>
<template>
<div class="badge">
  <slot>
    {{ label }}
  </slot>
</div>
</template>
",
}
`;
