// Vitest Snapshot v1, https://vitest.dev/guide/snapshot.html

exports[`Components > IAlert > should render correctly 1`] = `
"<div class="alert -primary -md" role="alert">
  <!--v-if-->
  <div class="alert-content">
    <!--v-if-->
    <!-- @slot default Slot for default alert content -->
  </div>
  <!--v-if-->
</div>"
`;
