// Vitest Snapshot v1

exports[`Components > ISelectOption > should render correctly 1`] = `"<div class=\\"select-option\\" role=\\"option\\" tabindex=\\"0\\" aria-disabled=\\"false\\" aria-selected=\\"false\\"></div>"`;

exports[`Components ISelectOption should render correctly 1`] = `<div class="select-option" role="option" tabindex="0" aria-disabled="false" aria-selected="false"></div>`;
