// Vitest Snapshot v1, https://vitest.dev/guide/snapshot.html

exports[`Components > Icon > should render correctly 1`] = `
"<svg class="icon" xmlns="http://www.w3.org/2000/svg" width="24" height="24" viewBox="0 0 24 24">
  <path fill="currentColor" d="M19 12.998h-6v6h-2v-6H5v-2h6v-6h2v6h6z"></path>
</svg>"
`;
