// Vitest Snapshot v1, https://vitest.dev/guide/snapshot.html

exports[`Components > TabTitle > should render correctly 1`] = `
"<div class="tab-title" role="tab" for="tab" active="false" aria-expanded="false" aria-controls="tab-content-tab" aria-describedby="tab-content-tab" tabindex="0">
  <!-- @slot default Slot for tab title content -->
</div>"
`;
