// Jest Snapshot v1, https://goo.gl/fbAQLP

exports[`Components Header should render correctly 1`] = `
<div class="header">
  <i-container-stub>
    <i-row-stub>
      <i-column-stub offset="" push="" pull="" offsetxs="" pushxs="" pullxs="" offsetsm="" pushsm="" pullsm="" offsetmd="" pushmd="" pullmd="" offsetlg="" pushlg="" pulllg="" offsetxl="" pushxl="" pullxl=""></i-column-stub>
    </i-row-stub>
  </i-container-stub>
</div>
`;
