// Jest Snapshot v1, https://goo.gl/fbAQLP

exports[`Components InputNumber should render correctly 1`] = `
<div class="form-input-group -prepended -appended">
  <div class="form-input-prepend">
    <i-button-stub activeclass="-active" tag="button" size="" tabindex="1" variant="" type="button" class="form-input-button-decrease">-</i-button-stub>
  </div>
  <div class="form-input">
    <!---->
    <!----> <input tabindex="1"></div>
  <div class="form-input-append">
    <i-button-stub activeclass="-active" tag="button" size="" tabindex="1" variant="" type="button" class="form-input-button-increase">+</i-button-stub>
  </div>
</div>
`;
