// Jest Snapshot v1, https://goo.gl/fbAQLP

exports[`Components InputNumber should render correctly 1`] = `
<div class="form-input-group">
  <div class="form-input-prepend"> <button tag="button" tabindex="1" class="button form-input-button-decrease">
      <!---->
      <!----> <span>-</span></button></div>
  <div class="form-input">
    <!---->
    <!----> <input tabindex="1"></div>
  <div class="form-input-append"><button tag="button" tabindex="1" class="button form-input-button-increase">
      <!---->
      <!----> <span>+</span></button> </div>
</div>
`;
