// Jest Snapshot v1, https://goo.gl/fbAQLP

exports[`Components Navbar should render correctly 1`] = `
<div class="navbar -collapse-md">
  <i-container-stub>
    <i-row-stub>
      <i-column-stub offset="" push="" pull="" xs="true" offsetxs="" pushxs="" pullxs="" offsetsm="" pushsm="" pullsm="" offsetmd="" pushmd="" pullmd="" offsetlg="" pushlg="" pulllg="" offsetxl="" pushxl="" pullxl="">
        <div class="hamburger -close"><span class="bars"></span></div>
      </i-column-stub>
    </i-row-stub>
  </i-container-stub>
</div>
`;
