// Jest Snapshot v1, https://goo.gl/fbAQLP

exports[`Components Sidebar should render correctly 1`] = `
<div class="sidebar-wrapper -collapse-md -collapse-fixed -placement-left" name="sidebar-wrapper-none-transition">
  <div class="sidebar" name="sidebar-transition">
    <div class="sidebar-content"></div>
  </div>
  <div class="sidebar-overlay" style="display: none;" name="sidebar-overlay-transition"></div>
</div>
`;
