// Vitest Snapshot v1, https://vitest.dev/guide/snapshot.html

exports[`IFieldGroup (styled) > output matches snapshots 1`] = `
{
  "angular/IFieldGroup.component.ts": "import { Component, signal, computed, effect, input } from "@angular/core";
import { IFieldGroupBaseComponent as IFieldGroupBase } from "../headless/IFieldGroupBase.component";
import { type FieldGroupBaseProps } from "../headless/IFieldGroupBase.component";
import {
  fieldGroupRecipe,
  type FieldGroupRecipeProps as FieldGroupStylingProps,
} from "virtual:styleframe";
export interface FieldGroupProps extends FieldGroupBaseProps, FieldGroupStylingProps {}
@Component({ standalone: true, selector: 'ink-field-group', host: { style: 'display: contents' }, imports: [IFieldGroupBase], template: \`<ink-field-group-base [id]="id()" [klass]="(className()) + (klass() ? ' ' + klass() : '')">
<ng-content></ng-content>
</ink-field-group-base>\` })
export class IFieldGroupComponent
{
fieldGroupRecipe = fieldGroupRecipe
klass = input<string>()
className = computed(() => fieldGroupRecipe({ orientation: this.orientation(), block: this.block() }))
id = input<string>()
}
@Component({ standalone: true, selector: 'div[ink-field-group]', host: { '[class]': "'field-group' + ((className()) ? ' ' + (className()) : '') + (klass() ? ' ' + klass() : '')", '[attr.id]': "(id()) ?? null", 'ink-field-group-base': '' }, template: \`<ng-content></ng-content>\` })
export class IFieldGroupHostComponent
{
fieldGroupRecipe = fieldGroupRecipe
klass = input<string>()
className = computed(() => fieldGroupRecipe({ orientation: this.orientation(), block: this.block() }))
id = input<string>()
}
",
  "astro/IFieldGroup.astro": "---
import IFieldGroupBase, { type FieldGroupBaseProps } from "../headless/IFieldGroupBase.astro";
import {
  fieldGroupRecipe,
  type FieldGroupRecipeProps as FieldGroupStylingProps,
} from "virtual:styleframe";
export interface FieldGroupProps extends FieldGroupBaseProps, FieldGroupStylingProps {}
type Props = FieldGroupProps & Record<string, any>
const props = Astro.props as Props;
const { id, ...__attrs } = props;
const className = fieldGroupRecipe({ orientation: orientation, block: block })
---
<IFieldGroupBase {...__attrs} id={id} class={[className, __attrs.class].filter(Boolean).join(" ")}>
<slot />
</IFieldGroupBase>
",
  "qwik/IFieldGroup.tsx": "import { component$, useSignal, useComputed$, useVisibleTask$, $, Slot } from "@qwik.dev/core";
import { IFieldGroupBase } from "../headless/IFieldGroupBase";
import { type FieldGroupBaseProps } from "../headless/IFieldGroupBase";
import {
  fieldGroupRecipe,
  type FieldGroupRecipeProps as FieldGroupStylingProps,
} from "virtual:styleframe";
export interface FieldGroupProps extends FieldGroupBaseProps, FieldGroupStylingProps {}
export const IFieldGroup = component$((props: FieldGroupProps & Record<string, any>) =>
{
const className = useComputed$(() => fieldGroupRecipe({ orientation: props.orientation, block: props.block }))
const { children, id, ...__attrs } = props
return (
<IFieldGroupBase {...__attrs} id={props.id} class={[className.value, props.class].filter(Boolean).join(" ")}>
  <Slot />
</IFieldGroupBase>
)
});
",
  "react/IFieldGroup.tsx": "import { useMemo } from "react";
import { IFieldGroupBase } from "../headless/IFieldGroupBase";
import { type FieldGroupBaseProps } from "../headless/IFieldGroupBase";
import {
  fieldGroupRecipe,
  type FieldGroupRecipeProps as FieldGroupStylingProps,
} from "virtual:styleframe";
export interface FieldGroupProps extends FieldGroupBaseProps, FieldGroupStylingProps {}
export function IFieldGroup(props: FieldGroupProps & { children?: React.ReactNode } & React.HTMLAttributes<HTMLElement>)
{
const className = useMemo(() => fieldGroupRecipe({ orientation: props.orientation, block: props.block }), [props.orientation, props.block])
const { children, id, ...__attrs } = props
return (
<IFieldGroupBase {...__attrs} id={props.id} className={[className, props.className].filter(Boolean).join(" ")}>
  {props.children}
</IFieldGroupBase>
)
}
",
  "solid/IFieldGroup.tsx": "import { createMemo, splitProps } from "solid-js";
import type { JSX } from "solid-js";
import IFieldGroupBase, { type FieldGroupBaseProps } from "../headless/IFieldGroupBase";
import {
  fieldGroupRecipe,
  type FieldGroupRecipeProps as FieldGroupStylingProps,
} from "virtual:styleframe";
export interface FieldGroupProps extends FieldGroupBaseProps, FieldGroupStylingProps {}
export default function IFieldGroup(props: FieldGroupProps & { children?: any } & JSX.HTMLAttributes<HTMLElement>)
{
const className = createMemo(() => fieldGroupRecipe({ orientation: props.orientation, block: props.block }))
const [, __attrs] = splitProps(props, ["children", "id"])
return (
<IFieldGroupBase {...__attrs} id={props.id} class={[className(), props.class].filter(Boolean).join(" ")}>
  {props.children}
</IFieldGroupBase>
)
}
",
  "svelte/IFieldGroup.svelte": "<script lang="ts">
  import IFieldGroupBase, { type FieldGroupBaseProps } from "../headless/IFieldGroupBase.svelte";
  import {
    fieldGroupRecipe,
    type FieldGroupRecipeProps as FieldGroupStylingProps,
  } from "virtual:styleframe";
  export interface FieldGroupProps extends FieldGroupBaseProps, FieldGroupStylingProps {}
  import type { Snippet } from "svelte";
  let { id, children, ...__attrs }: FieldGroupProps & { children?: Snippet } & Record<string, any> = $props()
  let className = $derived(fieldGroupRecipe({ orientation: orientation, block: block }))
</script>
<IFieldGroupBase {...__attrs} id={id} class={[className, __attrs.class].filter(Boolean).join(" ")}>
  {@render children?.()}
</IFieldGroupBase>
",
  "vue/IFieldGroup.vue": "<script setup lang="ts">
  import { computed } from "vue";
  import IFieldGroupBase, { type FieldGroupBaseProps } from "../headless/IFieldGroupBase.vue";
  import {
    fieldGroupRecipe,
    type FieldGroupRecipeProps as FieldGroupStylingProps,
  } from "virtual:styleframe";
  export interface FieldGroupProps extends FieldGroupBaseProps, FieldGroupStylingProps {}
  const props = defineProps<FieldGroupProps>()
  const className = computed(() => fieldGroupRecipe({ orientation: props.orientation, block: props.block }))
</script>
<template>
<IFieldGroupBase :id="id" :class="className">
  <slot />
</IFieldGroupBase>
</template>
",
}
`;
