// Vitest Snapshot v1

exports[`Components > ITable > should render correctly 1`] = `
"<div class=\\"table-wrapper -light -responsive\\">
  <table class=\\"table\\"></table>
</div>"
`;

exports[`Components ITable should render correctly 1`] = `
<div class="table-wrapper -light -responsive">
  <table class="table"></table>
</div>
`;
