// Vitest Snapshot v1

exports[`Components > ICard > should render correctly 1`] = `
"<div class=\\"card -light -md\\">
  <!--v-if-->
  <!--v-if-->
  <!--v-if-->
</div>"
`;

exports[`Components ICard should render correctly 1`] = `
<div class="card -light -md">
  <!--v-if-->
  <!--v-if-->
  <!--v-if-->
</div>
`;
