// Vitest Snapshot v1, https://vitest.dev/guide/snapshot.html

exports[`InputControl > output matches snapshots 1`] = `
{
  "angular/IInputControlBase.component.ts": "import { Component, signal, computed, effect, input, model } from "@angular/core";
export interface InputControlBaseProps {
  /** Id of the native control. */
  id?: string;
  /** Name of the native control. */
  name?: string;
  /** Input type (e.g. \`"text"\`, \`"email"\`). Use \`IInputTextareaBase\` for a \`<textarea>\`. */
  type?: string;
  /** Placeholder text. */
  placeholder?: string;
  /** Disables the control. */
  disabled?: boolean;
  /** Marks the control as read-only. */
  readonly?: boolean;
}
@Component({ standalone: true, selector: 'ink-input-control-base', host: { style: 'display: contents' }, template: \`<input [class]="'input-field' + (klass() ? ' ' + klass() : '')" [attr.id]="(id()) ?? null" [attr.name]="(name()) ?? null" [attr.type]="(type()) ?? null" [value]="value() ?? ''" [attr.placeholder]="(placeholder()) ?? null" [disabled]="disabled()" [readonly]="readonly()" (input)="value.set($event.currentTarget.value)" />\` })
export class IInputControlBaseComponent
{
klass = input<string>()
id = input<string>()
name = input<string>()
type = input<string>()
placeholder = input<string>()
disabled = input<boolean>()
readonly = input<boolean>()
value = model<string>()
}
@Component({ standalone: true, selector: 'input[ink-input-control-base]', host: { '[class]': "'input-field' + (klass() ? ' ' + klass() : '')", '[attr.id]': "(id()) ?? null", '[attr.name]': "(name()) ?? null", '[attr.type]': "(type()) ?? null", '[value]': "value() ?? ''", '[attr.placeholder]': "(placeholder()) ?? null", '[disabled]': "disabled()", '[readonly]': "readonly()", '(input)': "value.set($event.currentTarget.value)" }, template: \`\` })
export class IInputControlBaseHostComponent
{
klass = input<string>()
id = input<string>()
name = input<string>()
type = input<string>()
placeholder = input<string>()
disabled = input<boolean>()
readonly = input<boolean>()
value = model<string>()
}
",
  "astro/IInputControlBase.astro": "---
export interface InputControlBaseProps {
  /** Id of the native control. */
  id?: string;
  /** Name of the native control. */
  name?: string;
  /** Input type (e.g. \`"text"\`, \`"email"\`). Use \`IInputTextareaBase\` for a \`<textarea>\`. */
  type?: string;
  /** Placeholder text. */
  placeholder?: string;
  /** Disables the control. */
  disabled?: boolean;
  /** Marks the control as read-only. */
  readonly?: boolean;
}
type Props = InputControlBaseProps & Record<string, any>
const props = Astro.props as Props;
const { id, name, type, placeholder, disabled, readonly, ...__attrs } = props;
let value = props.value
---
<input {...__attrs} class={["input-field", __attrs.class].filter(Boolean).join(" ")} id={id} name={name} type={type} value={value ?? ""} placeholder={placeholder} disabled={disabled} readonly={readonly} onInput={(e: { currentTarget: HTMLInputElement }) => value = e.currentTarget.value} />
",
  "qwik/IInputControlBase.tsx": "import { component$, useSignal, useComputed$, useVisibleTask$, $, QRL } from "@qwik.dev/core";
export interface InputControlBaseProps {
  /** Id of the native control. */
  id?: string;
  /** Name of the native control. */
  name?: string;
  /** Input type (e.g. \`"text"\`, \`"email"\`). Use \`IInputTextareaBase\` for a \`<textarea>\`. */
  type?: string;
  /** Placeholder text. */
  placeholder?: string;
  /** Disables the control. */
  disabled?: boolean;
  /** Marks the control as read-only. */
  readonly?: boolean;
}
export const IInputControlBase = component$((props: InputControlBaseProps & { value?: string; onUpdateValue$?: QRL<(value: string) => void> } & Record<string, any>) =>
{
const { id, name, type, placeholder, disabled, readonly, value, onUpdateValue$, ...__attrs } = props
return (
<input {...__attrs} class={["input-field", props.class].filter(Boolean).join(" ")} id={props.id} name={props.name} type={props.type} value={props.value ?? ""} placeholder={props.placeholder} disabled={props.disabled} readonly={props.readonly} onInput={$((e: { currentTarget: HTMLInputElement }) => props.onUpdateValue$?.(e.currentTarget.value))} />
)
});
",
  "react/IInputControlBase.tsx": "export interface InputControlBaseProps {
  /** Id of the native control. */
  id?: string;
  /** Name of the native control. */
  name?: string;
  /** Input type (e.g. \`"text"\`, \`"email"\`). Use \`IInputTextareaBase\` for a \`<textarea>\`. */
  type?: string;
  /** Placeholder text. */
  placeholder?: string;
  /** Disables the control. */
  disabled?: boolean;
  /** Marks the control as read-only. */
  readonly?: boolean;
}
export function IInputControlBase(props: InputControlBaseProps & { value?: string; onUpdateValue?: (value: string) => void } & React.HTMLAttributes<HTMLElement>)
{
const { id, name, type, placeholder, disabled, readonly, value, onUpdateValue, ...__attrs } = props
return (
<input {...__attrs} className={["input-field", props.className].filter(Boolean).join(" ")} id={props.id} name={props.name} type={props.type} value={props.value ?? ""} placeholder={props.placeholder} disabled={props.disabled} readOnly={props.readonly} onInput={(e: { currentTarget: HTMLInputElement }) => props.onUpdateValue?.(e.currentTarget.value)} />
)
}
",
  "solid/IInputControlBase.tsx": "import { splitProps } from "solid-js";
import type { JSX } from "solid-js";
export interface InputControlBaseProps {
  /** Id of the native control. */
  id?: string;
  /** Name of the native control. */
  name?: string;
  /** Input type (e.g. \`"text"\`, \`"email"\`). Use \`IInputTextareaBase\` for a \`<textarea>\`. */
  type?: string;
  /** Placeholder text. */
  placeholder?: string;
  /** Disables the control. */
  disabled?: boolean;
  /** Marks the control as read-only. */
  readonly?: boolean;
}
export default function IInputControlBase(props: InputControlBaseProps & { value?: string; onUpdateValue?: (value: string) => void } & JSX.HTMLAttributes<HTMLElement>)
{
const [, __attrs] = splitProps(props, ["id", "name", "type", "placeholder", "disabled", "readonly", "value", "onUpdateValue"])
return (
<input {...__attrs} class={["input-field", props.class].filter(Boolean).join(" ")} id={props.id} name={props.name} type={props.type} value={props.value ?? ""} placeholder={props.placeholder} disabled={props.disabled} readonly={props.readonly} oninput={(e: { currentTarget: HTMLInputElement }) => props.onUpdateValue?.(e.currentTarget.value)} />
)
}
",
  "svelte/IInputControlBase.svelte": "<script lang="ts">
  export interface InputControlBaseProps {
    /** Id of the native control. */
    id?: string;
    /** Name of the native control. */
    name?: string;
    /** Input type (e.g. \`"text"\`, \`"email"\`). Use \`IInputTextareaBase\` for a \`<textarea>\`. */
    type?: string;
    /** Placeholder text. */
    placeholder?: string;
    /** Disables the control. */
    disabled?: boolean;
    /** Marks the control as read-only. */
    readonly?: boolean;
  }
  let { id, name, type, placeholder, disabled, readonly, value = $bindable(), ...__attrs }: InputControlBaseProps & { value?: string } & Record<string, any> = $props()
</script>
<input {...__attrs} class={["input-field", __attrs.class].filter(Boolean).join(" ")} id={id} name={name} type={type} value={value ?? ""} placeholder={placeholder} disabled={disabled} readonly={readonly} oninput={(e: { currentTarget: HTMLInputElement }) => value = e.currentTarget.value} />
",
  "vue/IInputControlBase.vue": "<script setup lang="ts">
  export interface InputControlBaseProps {
    /** Id of the native control. */
    id?: string;
    /** Name of the native control. */
    name?: string;
    /** Input type (e.g. \`"text"\`, \`"email"\`). Use \`IInputTextareaBase\` for a \`<textarea>\`. */
    type?: string;
    /** Placeholder text. */
    placeholder?: string;
    /** Disables the control. */
    disabled?: boolean;
    /** Marks the control as read-only. */
    readonly?: boolean;
  }
  const props = defineProps<InputControlBaseProps>()
  const value = defineModel<string>("value")
</script>
<template>
<input class="input-field" :id="id" :name="name" :type="type" :value='value ?? ""' :placeholder="placeholder" :disabled="disabled" :readonly="readonly" @input="(e: { currentTarget: HTMLInputElement }) => value = e.currentTarget.value" />
</template>
",
}
`;
